Starting Training Pipeline...
Using device: cuda
Found 182329 SWC files in /mnt/diskg9-3/NeuroGramLM/SWCs...
Beginning training for 100 epochs...
Epoch 1/100 [Train]:   0%|          | 0/72932 [00:00<?, ?it/s]Exception ignored while calling deallocator <function _MultiProcessingDataLoaderIter.__del__ at 0x7ee2f50662a0>:
Traceback (most recent call last):
  File "/mnt/diskg9-3/NeuroDiffusion/.venv/lib/python3.14/site-packages/torch/utils/data/dataloader.py", line 1706, in __del__
    self._shutdown_workers()
  File "/mnt/diskg9-3/NeuroDiffusion/.venv/lib/python3.14/site-packages/torch/utils/data/dataloader.py", line 1637, in _shutdown_workers
    self._worker_result_queue.put((None, None))
  File "/usr/lib/python3.14/multiprocessing/queues.py", line 92, in put
    self._start_thread()
  File "/usr/lib/python3.14/multiprocessing/queues.py", line 190, in _start_thread
    self._thread.start()
  File "/usr/lib/python3.14/threading.py", line 1005, in start
    _start_joinable_thread(self._bootstrap, handle=self._os_thread_handle,
KeyboardInterrupt: 
Epoch 1/100 [Train]:   0%|          | 0/72932 [01:57<?, ?it/s]
Traceback (most recent call last):
  File "/mnt/diskg9-3/NeuroDiffusion/train.py", line 232, in <module>
  File "/mnt/diskg9-3/NeuroDiffusion/train.py", line 128, in train
    if batch_idx == 0:
        ^^^^^^^^^^^^^^
  File "/mnt/diskg9-3/NeuroDiffusion/train.py", line 43, in plot_tree_corruption
  File "/mnt/diskg9-3/NeuroDiffusion/.venv/lib/python3.14/site-packages/matplotlib/pyplot.py", line 1346, in savefig
    res = fig.savefig(fname, **kwargs)  # type: ignore[func-returns-value]
  File "/mnt/diskg9-3/NeuroDiffusion/.venv/lib/python3.14/site-packages/matplotlib/figure.py", line 3515, in savefig
    self.canvas.print_figure(fname, **kwargs)
    ~~~~~~~~~~~~~~~~~~~~~~~~^^^^^^^^^^^^^^^^^
  File "/mnt/diskg9-3/NeuroDiffusion/.venv/lib/python3.14/site-packages/matplotlib/backend_bases.py", line 2257, in print_figure
    self.figure.draw(renderer)
    ~~~~~~~~~~~~~~~~^^^^^^^^^^
  File "/mnt/diskg9-3/NeuroDiffusion/.venv/lib/python3.14/site-packages/matplotlib/artist.py", line 94, in draw_wrapper
    result = draw(artist, renderer, *args, **kwargs)
  File "/mnt/diskg9-3/NeuroDiffusion/.venv/lib/python3.14/site-packages/matplotlib/artist.py", line 71, in draw_wrapper
    return draw(artist, renderer)
  File "/mnt/diskg9-3/NeuroDiffusion/.venv/lib/python3.14/site-packages/matplotlib/figure.py", line 3282, in draw
    mimage._draw_list_compositing_images(
    ~~~~~~~~~~~~~~~~~~~~~~~~~~~~~~~~~~~~^
        renderer, self, artists, self.suppressComposite)
        ^^^^^^^^^^^^^^^^^^^^^^^^^^^^^^^^^^^^^^^^^^^^^^^^
  File "/mnt/diskg9-3/NeuroDiffusion/.venv/lib/python3.14/site-packages/matplotlib/image.py", line 133, in _draw_list_compositing_images
    a.draw(renderer)
    ~~~~~~^^^^^^^^^^
  File "/mnt/diskg9-3/NeuroDiffusion/.venv/lib/python3.14/site-packages/matplotlib/artist.py", line 71, in draw_wrapper
    return draw(artist, renderer)
  File "/mnt/diskg9-3/NeuroDiffusion/.venv/lib/python3.14/site-packages/mpl_toolkits/mplot3d/axes3d.py", line 532, in draw
    super().draw(renderer)
    ~~~~~~~~~~~~^^^^^^^^^^
  File "/mnt/diskg9-3/NeuroDiffusion/.venv/lib/python3.14/site-packages/matplotlib/artist.py", line 71, in draw_wrapper
    return draw(artist, renderer)
  File "/mnt/diskg9-3/NeuroDiffusion/.venv/lib/python3.14/site-packages/matplotlib/axes/_base.py", line 3367, in draw
    mimage._draw_list_compositing_images(
    ~~~~~~~~~~~~~~~~~~~~~~~~~~~~~~~~~~~~^
        renderer, self, artists, self.get_figure(root=True).suppressComposite)
        ^^^^^^^^^^^^^^^^^^^^^^^^^^^^^^^^^^^^^^^^^^^^^^^^^^^^^^^^^^^^^^^^^^^^^^
  File "/mnt/diskg9-3/NeuroDiffusion/.venv/lib/python3.14/site-packages/matplotlib/image.py", line 133, in _draw_list_compositing_images
    a.draw(renderer)
    ~~~~~~^^^^^^^^^^
  File "/mnt/diskg9-3/NeuroDiffusion/.venv/lib/python3.14/site-packages/matplotlib/artist.py", line 71, in draw_wrapper
    return draw(artist, renderer)
  File "/mnt/diskg9-3/NeuroDiffusion/.venv/lib/python3.14/site-packages/mpl_toolkits/mplot3d/art3d.py", line 370, in draw
    self.set_data(xs, ys)
    ~~~~~~~~~~~~~^^^^^^^^
  File "/mnt/diskg9-3/NeuroDiffusion/.venv/lib/python3.14/site-packages/matplotlib/lines.py", line 668, in set_data
    self.set_xdata(x)
    ~~~~~~~~~~~~~~^^^
  File "/mnt/diskg9-3/NeuroDiffusion/.venv/lib/python3.14/site-packages/matplotlib/lines.py", line 1316, in set_xdata
    self._xorig = copy.copy(x)
                  ~~~~~~~~~^^^
  File "/usr/lib/python3.14/copy.py", line 76, in copy
    if issubclass(cls, type):
       ~~~~~~~~~~^^^^^^^^^^^
KeyboardInterrupt
